[36mvite v5.4.21 [32mbuilding for production...[36m[39m
transforming...
[32mΓ£ô[39m 2 modules transformed.
node.exe : 
[31mx[39m Build 
failed in 672ms
At C:\Program Files\
nodejs\npx.ps1:29 
char:3
+   & $NODE_EXE 
$NPX_CLI_JS $args
+   ~~~~~~~~~~~~~~~~
~~~~~~~~~~~~~
    + CategoryInfo  
            : NotS  
  pecified: ([31   
 mx[39m Build f    
ailed in 672ms:    
String) [], Rem    
oteException
    + FullyQualifie 
   dErrorId : Nati  
  veCommandError
 
[31merror during 
build:
[31m[vite:build-imp
ort-analysis] 
[plugin vite:build-i
mport-analysis] 
src/index.js 
(10:22): Failed to 
parse source for 
import analysis 
because the content 
contains invalid JS 
syntax. If you are 
using JSX, make 
sure to name the 
file with the .jsx 
or .tsx 
extension.[31m
file: [36mE:/Furnit
ure/furniture/fronte
nd/src/index.js:10:2
2[31m
[33m
 8:   
<React.StrictMode>
 9:     <App />
10:   
</React.StrictMode>,
                    
      ^
11: );
[31m
    at 
getRollupError (file
:///E:/Furniture/fur
niture/frontend/node
_modules/rollup/dist
/es/shared/parseAst.
js:401:41)
    at error (file:/
//E:/Furniture/furni
ture/frontend/node_m
odules/rollup/dist/e
s/shared/parseAst.js
:397:42)
    at Object.error 
(file:///E:/Furnitur
e/furniture/frontend
/node_modules/rollup
/dist/es/shared/node
-entry.js:22200:20)
    at Object.error 
(file:///E:/Furnitur
e/furniture/frontend
/node_modules/rollup
/dist/es/shared/node
-entry.js:21257:42)
    at 
Object.transform (fi
le:///E:/Furniture/f
urniture/frontend/no
de_modules/vite/dist
/node/chunks/dep-BK3
b2jBa.js:64913:14)[
39m
